// Jest Snapshot v1, https://goo.gl/fbAQLP

exports[`ProposalOptionTag Should match snapshot 1`] = `
<div>
   
  <span
    class="sc-bdfBQB bxNOKx"
    color="#295FF4"
  >
    For
  </span>
   
</div>
`;
